Archive member included because of file (symbol)

d:/sdk_win_64/sdk_win_64/sdk_win_64/winavr/bin/../lib/gcc/avr/4.3.3/avr5\libgcc.a(_exit.o)
                              d:/sdk_win_64/sdk_win_64/sdk_win_64/winavr/bin/../lib/gcc/avr/4.3.3/../../../../avr/lib/avr5/crtm32.o (exit)
d:/sdk_win_64/sdk_win_64/sdk_win_64/winavr/bin/../lib/gcc/avr/4.3.3/avr5\libgcc.a(_copy_data.o)
                              ./HAL/SSD/SSD_program.o (__do_copy_data)
d:/sdk_win_64/sdk_win_64/sdk_win_64/winavr/bin/../lib/gcc/avr/4.3.3/avr5\libgcc.a(_clear_bss.o)
                              ./MCAL/TIMER/TIMER_program.o (__do_clear_bss)

Allocating common symbols
Common symbol       size              file

stopwatchdigits     0x6               ./main.o
LAPdigits           0x6               ./main.o

Memory Configuration

Name             Origin             Length             Attributes
text             0x00000000         0x00020000         xr
data             0x00800060         0x0000ffa0         rw !x
eeprom           0x00810000         0x00010000         rw !x
fuse             0x00820000         0x00000400         rw !x
lock             0x00830000         0x00000400         rw !x
signature        0x00840000         0x00000400         rw !x
*default*        0x00000000         0xffffffff

Linker script and memory map

LOAD d:/sdk_win_64/sdk_win_64/sdk_win_64/winavr/bin/../lib/gcc/avr/4.3.3/../../../../avr/lib/avr5/crtm32.o
LOAD ./MCAL/TIMER/TIMER_program.o
LOAD ./MCAL/GPIO/GPIO_program.o
LOAD ./MCAL/GIE/GIE_program.o
LOAD ./MCAL/EXTI/EXTI_program.o
LOAD ./HAL/SSD/SSD_program.o
LOAD ./HAL/LED/LED_program.o
LOAD ./main.o
LOAD d:/sdk_win_64/sdk_win_64/sdk_win_64/winavr/bin/../lib/gcc/avr/4.3.3/avr5\libgcc.a
LOAD d:/sdk_win_64/sdk_win_64/sdk_win_64/winavr/bin/../lib/gcc/avr/4.3.3/../../../../avr/lib/avr5\libc.a
LOAD d:/sdk_win_64/sdk_win_64/sdk_win_64/winavr/bin/../lib/gcc/avr/4.3.3/avr5\libgcc.a

.hash
 *(.hash)

.dynsym
 *(.dynsym)

.dynstr
 *(.dynstr)

.gnu.version
 *(.gnu.version)

.gnu.version_d
 *(.gnu.version_d)

.gnu.version_r
 *(.gnu.version_r)

.rel.init
 *(.rel.init)

.rela.init
 *(.rela.init)

.rel.text
 *(.rel.text)
 *(.rel.text.*)
 *(.rel.gnu.linkonce.t*)

.rela.text
 *(.rela.text)
 *(.rela.text.*)
 *(.rela.gnu.linkonce.t*)

.rel.fini
 *(.rel.fini)

.rela.fini
 *(.rela.fini)

.rel.rodata
 *(.rel.rodata)
 *(.rel.rodata.*)
 *(.rel.gnu.linkonce.r*)

.rela.rodata
 *(.rela.rodata)
 *(.rela.rodata.*)
 *(.rela.gnu.linkonce.r*)

.rel.data
 *(.rel.data)
 *(.rel.data.*)
 *(.rel.gnu.linkonce.d*)

.rela.data
 *(.rela.data)
 *(.rela.data.*)
 *(.rela.gnu.linkonce.d*)

.rel.ctors
 *(.rel.ctors)

.rela.ctors
 *(.rela.ctors)

.rel.dtors
 *(.rel.dtors)

.rela.dtors
 *(.rela.dtors)

.rel.got
 *(.rel.got)

.rela.got
 *(.rela.got)

.rel.bss
 *(.rel.bss)

.rela.bss
 *(.rela.bss)

.rel.plt
 *(.rel.plt)

.rela.plt
 *(.rela.plt)

.text           0x00000000     0x1012
 *(.vectors)
 .vectors       0x00000000       0x54 d:/sdk_win_64/sdk_win_64/sdk_win_64/winavr/bin/../lib/gcc/avr/4.3.3/../../../../avr/lib/avr5/crtm32.o
                0x00000000                __vectors
                0x00000000                __vector_default
 *(.vectors)
 *(.progmem.gcc*)
 *(.progmem*)
                0x00000054                . = ALIGN (0x2)
                0x00000054                __trampolines_start = .
 *(.trampolines)
 .trampolines   0x00000054        0x0 linker stubs
 *(.trampolines*)
                0x00000054                __trampolines_end = .
 *(.jumptables)
 *(.jumptables*)
 *(.lowtext)
 *(.lowtext*)
                0x00000054                __ctors_start = .
 *(.ctors)
                0x00000054                __ctors_end = .
                0x00000054                __dtors_start = .
 *(.dtors)
                0x00000054                __dtors_end = .
 SORT(*)(.ctors)
 SORT(*)(.dtors)
 *(.init0)
 .init0         0x00000054        0x0 d:/sdk_win_64/sdk_win_64/sdk_win_64/winavr/bin/../lib/gcc/avr/4.3.3/../../../../avr/lib/avr5/crtm32.o
                0x00000054                __init
 *(.init0)
 *(.init1)
 *(.init1)
 *(.init2)
 .init2         0x00000054        0xc d:/sdk_win_64/sdk_win_64/sdk_win_64/winavr/bin/../lib/gcc/avr/4.3.3/../../../../avr/lib/avr5/crtm32.o
 *(.init2)
 *(.init3)
 *(.init3)
 *(.init4)
 .init4         0x00000060       0x16 d:/sdk_win_64/sdk_win_64/sdk_win_64/winavr/bin/../lib/gcc/avr/4.3.3/avr5\libgcc.a(_copy_data.o)
                0x00000060                __do_copy_data
 .init4         0x00000076       0x10 d:/sdk_win_64/sdk_win_64/sdk_win_64/winavr/bin/../lib/gcc/avr/4.3.3/avr5\libgcc.a(_clear_bss.o)
                0x00000076                __do_clear_bss
 *(.init4)
 *(.init5)
 *(.init5)
 *(.init6)
 *(.init6)
 *(.init7)
 *(.init7)
 *(.init8)
 *(.init8)
 *(.init9)
 .init9         0x00000086        0x8 d:/sdk_win_64/sdk_win_64/sdk_win_64/winavr/bin/../lib/gcc/avr/4.3.3/../../../../avr/lib/avr5/crtm32.o
 *(.init9)
 *(.text)
 .text          0x0000008e        0x4 d:/sdk_win_64/sdk_win_64/sdk_win_64/winavr/bin/../lib/gcc/avr/4.3.3/../../../../avr/lib/avr5/crtm32.o
                0x0000008e                __vector_12
                0x0000008e                __bad_interrupt
                0x0000008e                __vector_6
                0x0000008e                __vector_13
                0x0000008e                __vector_17
                0x0000008e                __vector_19
                0x0000008e                __vector_7
                0x0000008e                __vector_9
                0x0000008e                __vector_15
                0x0000008e                __vector_8
                0x0000008e                __vector_14
                0x0000008e                __vector_16
                0x0000008e                __vector_18
                0x0000008e                __vector_20
 .text          0x00000092        0x0 ./MCAL/TIMER/TIMER_program.o
 .text          0x00000092        0x0 ./MCAL/GPIO/GPIO_program.o
 .text          0x00000092        0x0 ./MCAL/GIE/GIE_program.o
 .text          0x00000092        0x0 ./MCAL/EXTI/EXTI_program.o
 .text          0x00000092        0x0 ./HAL/SSD/SSD_program.o
 .text          0x00000092        0x0 ./HAL/LED/LED_program.o
 .text          0x00000092        0x0 ./main.o
 .text          0x00000092        0x0 d:/sdk_win_64/sdk_win_64/sdk_win_64/winavr/bin/../lib/gcc/avr/4.3.3/avr5\libgcc.a(_exit.o)
 .text          0x00000092        0x0 d:/sdk_win_64/sdk_win_64/sdk_win_64/winavr/bin/../lib/gcc/avr/4.3.3/avr5\libgcc.a(_copy_data.o)
 .text          0x00000092        0x0 d:/sdk_win_64/sdk_win_64/sdk_win_64/winavr/bin/../lib/gcc/avr/4.3.3/avr5\libgcc.a(_clear_bss.o)
                0x00000092                . = ALIGN (0x2)
 *(.text.*)
 .text.TIMER0_Init
                0x00000092       0x24 ./MCAL/TIMER/TIMER_program.o
                0x00000092                TIMER0_Init
 .text.TIMER0_EnableINT
                0x000000b6        0x8 ./MCAL/TIMER/TIMER_program.o
                0x000000b6                TIMER0_EnableINT
 .text.TIMER0_DisableINT
                0x000000be        0x8 ./MCAL/TIMER/TIMER_program.o
                0x000000be                TIMER0_DisableINT
 .text.TIMER0_SetPreload
                0x000000c6        0x4 ./MCAL/TIMER/TIMER_program.o
                0x000000c6                TIMER0_SetPreload
 .text.TIMER0_SetCTC
                0x000000ca        0x4 ./MCAL/TIMER/TIMER_program.o
                0x000000ca                TIMER0_SetCTC
 .text.TIMER0_GetTimerCounterValue
                0x000000ce        0x4 ./MCAL/TIMER/TIMER_program.o
                0x000000ce                TIMER0_GetTimerCounterValue
 .text.TIMER2_Init
                0x000000d2       0x24 ./MCAL/TIMER/TIMER_program.o
                0x000000d2                TIMER2_Init
 .text.TIMER2_EnableINT
                0x000000f6        0x8 ./MCAL/TIMER/TIMER_program.o
                0x000000f6                TIMER2_EnableINT
 .text.TIMER2_DisableINT
                0x000000fe        0x8 ./MCAL/TIMER/TIMER_program.o
                0x000000fe                TIMER2_DisableINT
 .text.TIMER2_SetPreload
                0x00000106        0x4 ./MCAL/TIMER/TIMER_program.o
                0x00000106                TIMER2_SetPreload
 .text.TIMER2_SetCTC
                0x0000010a        0x4 ./MCAL/TIMER/TIMER_program.o
                0x0000010a                TIMER2_SetCTC
 .text.TIMER2_GetTimerCounterValue
                0x0000010e        0x4 ./MCAL/TIMER/TIMER_program.o
                0x0000010e                TIMER2_GetTimerCounterValue
 .text.TIMER_SetCallBack
                0x00000112       0x16 ./MCAL/TIMER/TIMER_program.o
                0x00000112                TIMER_SetCallBack
 .text.__vector_11
                0x00000128       0x52 ./MCAL/TIMER/TIMER_program.o
                0x00000128                __vector_11
 .text.__vector_10
                0x0000017a       0x52 ./MCAL/TIMER/TIMER_program.o
                0x0000017a                __vector_10
 .text.__vector_5
                0x000001cc       0x52 ./MCAL/TIMER/TIMER_program.o
                0x000001cc                __vector_5
 .text.__vector_4
                0x0000021e       0x52 ./MCAL/TIMER/TIMER_program.o
                0x0000021e                __vector_4
 .text.GPIO_SetPinDirection
                0x00000270       0xea ./MCAL/GPIO/GPIO_program.o
                0x00000270                GPIO_SetPinDirection
 .text.GPIO_SetPinValue
                0x0000035a       0xea ./MCAL/GPIO/GPIO_program.o
                0x0000035a                GPIO_SetPinValue
 .text.GPIO_GetPinValue
                0x00000444       0x64 ./MCAL/GPIO/GPIO_program.o
                0x00000444                GPIO_GetPinValue
 .text.GPIO_TogglePinValue
                0x000004a8       0x6a ./MCAL/GPIO/GPIO_program.o
                0x000004a8                GPIO_TogglePinValue
 .text.GPIO_SetPortDirection
                0x00000512       0x4a ./MCAL/GPIO/GPIO_program.o
                0x00000512                GPIO_SetPortDirection
 .text.GPIO_WritePortValue
                0x0000055c       0x22 ./MCAL/GPIO/GPIO_program.o
                0x0000055c                GPIO_WritePortValue
 .text.GPIO_ReadPortValue
                0x0000057e       0x24 ./MCAL/GPIO/GPIO_program.o
                0x0000057e                GPIO_ReadPortValue
 .text.GPIO_WriteLowNibbleValue
                0x000005a2       0x4c ./MCAL/GPIO/GPIO_program.o
                0x000005a2                GPIO_WriteLowNibbleValue
 .text.GPIO_WriteHighNibbleValue
                0x000005ee       0x4e ./MCAL/GPIO/GPIO_program.o
                0x000005ee                GPIO_WriteHighNibbleValue
 .text.GPIO_SetLowNibbleDirection
                0x0000063c       0x4a ./MCAL/GPIO/GPIO_program.o
                0x0000063c                GPIO_SetLowNibbleDirection
 .text.GPIO_SetHighNibbleDirection
                0x00000686       0x4a ./MCAL/GPIO/GPIO_program.o
                0x00000686                GPIO_SetHighNibbleDirection
 .text.GIE_Enable
                0x000006d0        0x8 ./MCAL/GIE/GIE_program.o
                0x000006d0                GIE_Enable
 .text.GIE_Disable
                0x000006d8        0x8 ./MCAL/GIE/GIE_program.o
                0x000006d8                GIE_Disable
 .text.EXTI0_Init
                0x000006e0       0x1a ./MCAL/EXTI/EXTI_program.o
                0x000006e0                EXTI0_Init
 .text.EXTI1_Init
                0x000006fa       0x1a ./MCAL/EXTI/EXTI_program.o
                0x000006fa                EXTI1_Init
 .text.EXTI2_Init
                0x00000714       0x14 ./MCAL/EXTI/EXTI_program.o
                0x00000714                EXTI2_Init
 .text.EXTI0_SetSignalSenseMode
                0x00000728       0x4a ./MCAL/EXTI/EXTI_program.o
                0x00000728                EXTI0_SetSignalSenseMode
 .text.EXTI1_SetSignalSenseMode
                0x00000772       0x4a ./MCAL/EXTI/EXTI_program.o
                0x00000772                EXTI1_SetSignalSenseMode
 .text.EXTI2_SetSignalSenseMode
                0x000007bc       0x1a ./MCAL/EXTI/EXTI_program.o
                0x000007bc                EXTI2_SetSignalSenseMode
 .text.EXTI0_Enable
                0x000007d6        0x8 ./MCAL/EXTI/EXTI_program.o
                0x000007d6                EXTI0_Enable
 .text.EXTI0_Disable
                0x000007de        0x8 ./MCAL/EXTI/EXTI_program.o
                0x000007de                EXTI0_Disable
 .text.EXTI1_Enable
                0x000007e6        0x8 ./MCAL/EXTI/EXTI_program.o
                0x000007e6                EXTI1_Enable
 .text.EXTI1_Disable
                0x000007ee        0x8 ./MCAL/EXTI/EXTI_program.o
                0x000007ee                EXTI1_Disable
 .text.EXTI2_Enable
                0x000007f6        0x8 ./MCAL/EXTI/EXTI_program.o
                0x000007f6                EXTI2_Enable
 .text.EXTI2_Disable
                0x000007fe        0x8 ./MCAL/EXTI/EXTI_program.o
                0x000007fe                EXTI2_Disable
 .text.EXTI0_ClearFlag
                0x00000806        0x8 ./MCAL/EXTI/EXTI_program.o
                0x00000806                EXTI0_ClearFlag
 .text.EXTI1_ClearFlag
                0x0000080e        0x8 ./MCAL/EXTI/EXTI_program.o
                0x0000080e                EXTI1_ClearFlag
 .text.EXTI2_ClearFlag
                0x00000816        0x8 ./MCAL/EXTI/EXTI_program.o
                0x00000816                EXTI2_ClearFlag
 .text.EXTI0_SetCallBack
                0x0000081e        0xe ./MCAL/EXTI/EXTI_program.o
                0x0000081e                EXTI0_SetCallBack
 .text.EXTI1_SetCallBack
                0x0000082c        0xe ./MCAL/EXTI/EXTI_program.o
                0x0000082c                EXTI1_SetCallBack
 .text.EXTI2_SetCallBack
                0x0000083a        0xe ./MCAL/EXTI/EXTI_program.o
                0x0000083a                EXTI2_SetCallBack
 .text.__vector_1
                0x00000848       0x58 ./MCAL/EXTI/EXTI_program.o
                0x00000848                __vector_1
 .text.__vector_2
                0x000008a0       0x58 ./MCAL/EXTI/EXTI_program.o
                0x000008a0                __vector_2
 .text.__vector_3
                0x000008f8       0x58 ./MCAL/EXTI/EXTI_program.o
                0x000008f8                __vector_3
 .text.SSD_SendNumber
                0x00000950       0x84 ./HAL/SSD/SSD_program.o
                0x00000950                SSD_SendNumber
 .text.SSD_Disable
                0x000009d4       0x6a ./HAL/SSD/SSD_program.o
                0x000009d4                SSD_Disable
 .text.SSD_Enable
                0x00000a3e       0x6a ./HAL/SSD/SSD_program.o
                0x00000a3e                SSD_Enable
 .text.SSD_Init
                0x00000aa8       0x5a ./HAL/SSD/SSD_program.o
                0x00000aa8                SSD_Init
 .text.LED_GetValue
                0x00000b02       0x28 ./HAL/LED/LED_program.o
                0x00000b02                LED_GetValue
 .text.LED_Toggle
                0x00000b2a       0x28 ./HAL/LED/LED_program.o
                0x00000b2a                LED_Toggle
 .text.LED_Off  0x00000b52       0x46 ./HAL/LED/LED_program.o
                0x00000b52                LED_Off
 .text.LED_On   0x00000b98       0x46 ./HAL/LED/LED_program.o
                0x00000b98                LED_On
 .text.LED_Init
                0x00000bde       0x2a ./HAL/LED/LED_program.o
                0x00000bde                LED_Init
 .text.StopWatch
                0x00000c08       0x8c ./main.o
                0x00000c08                StopWatch
 .text.ISR_INT1
                0x00000c94        0xa ./main.o
                0x00000c94                ISR_INT1
 .text.main     0x00000c9e      0x1c8 ./main.o
                0x00000c9e                main
 .text.ISR_INT2
                0x00000e66       0x82 ./main.o
                0x00000e66                ISR_INT2
 .text.ISR_TIMER2
                0x00000ee8       0xb8 ./main.o
                0x00000ee8                ISR_TIMER2
 .text.ISR_TIMER0
                0x00000fa0       0x6e ./main.o
                0x00000fa0                ISR_TIMER0
 .text.libgcc   0x0000100e        0x0 d:/sdk_win_64/sdk_win_64/sdk_win_64/winavr/bin/../lib/gcc/avr/4.3.3/avr5\libgcc.a(_exit.o)
 .text.libgcc   0x0000100e        0x0 d:/sdk_win_64/sdk_win_64/sdk_win_64/winavr/bin/../lib/gcc/avr/4.3.3/avr5\libgcc.a(_copy_data.o)
 .text.libgcc   0x0000100e        0x0 d:/sdk_win_64/sdk_win_64/sdk_win_64/winavr/bin/../lib/gcc/avr/4.3.3/avr5\libgcc.a(_clear_bss.o)
                0x0000100e                . = ALIGN (0x2)
 *(.fini9)
 .fini9         0x0000100e        0x0 d:/sdk_win_64/sdk_win_64/sdk_win_64/winavr/bin/../lib/gcc/avr/4.3.3/avr5\libgcc.a(_exit.o)
                0x0000100e                exit
                0x0000100e                _exit
 *(.fini9)
 *(.fini8)
 *(.fini8)
 *(.fini7)
 *(.fini7)
 *(.fini6)
 *(.fini6)
 *(.fini5)
 *(.fini5)
 *(.fini4)
 *(.fini4)
 *(.fini3)
 *(.fini3)
 *(.fini2)
 *(.fini2)
 *(.fini1)
 *(.fini1)
 *(.fini0)
 .fini0         0x0000100e        0x4 d:/sdk_win_64/sdk_win_64/sdk_win_64/winavr/bin/../lib/gcc/avr/4.3.3/avr5\libgcc.a(_exit.o)
 *(.fini0)
                0x00001012                _etext = .

.data           0x00800060       0x56 load address 0x00001012
                0x00800060                PROVIDE (__data_start, .)
 *(.data)
 .data          0x00800060        0x0 d:/sdk_win_64/sdk_win_64/sdk_win_64/winavr/bin/../lib/gcc/avr/4.3.3/../../../../avr/lib/avr5/crtm32.o
 .data          0x00800060        0x0 ./MCAL/TIMER/TIMER_program.o
 .data          0x00800060        0x0 ./MCAL/GPIO/GPIO_program.o
 .data          0x00800060        0x0 ./MCAL/GIE/GIE_program.o
 .data          0x00800060        0x0 ./MCAL/EXTI/EXTI_program.o
 .data          0x00800060        0x0 ./HAL/SSD/SSD_program.o
 .data          0x00800060        0x0 ./HAL/LED/LED_program.o
 .data          0x00800060        0x0 ./main.o
 .data          0x00800060        0x0 d:/sdk_win_64/sdk_win_64/sdk_win_64/winavr/bin/../lib/gcc/avr/4.3.3/avr5\libgcc.a(_exit.o)
 .data          0x00800060        0x0 d:/sdk_win_64/sdk_win_64/sdk_win_64/winavr/bin/../lib/gcc/avr/4.3.3/avr5\libgcc.a(_copy_data.o)
 .data          0x00800060        0x0 d:/sdk_win_64/sdk_win_64/sdk_win_64/winavr/bin/../lib/gcc/avr/4.3.3/avr5\libgcc.a(_clear_bss.o)
 *(.data*)
 .data.led      0x00800060        0x3 ./main.o
                0x00800060                led
 .data.ssd1     0x00800063        0x6 ./main.o
                0x00800063                ssd1
 .data.ssd2     0x00800069        0x6 ./main.o
                0x00800069                ssd2
 .data.ssd3     0x0080006f        0x6 ./main.o
                0x0080006f                ssd3
 .data.ssd4     0x00800075        0x6 ./main.o
                0x00800075                ssd4
 .data.ssd5     0x0080007b        0x6 ./main.o
                0x0080007b                ssd5
 .data.ssd6     0x00800081        0x6 ./main.o
                0x00800081                ssd6
 .data.ssd11    0x00800087        0x6 ./main.o
                0x00800087                ssd11
 .data.ssd22    0x0080008d        0x6 ./main.o
                0x0080008d                ssd22
 .data.ssd33    0x00800093        0x6 ./main.o
                0x00800093                ssd33
 .data.ssd44    0x00800099        0x6 ./main.o
                0x00800099                ssd44
 .data.ssd55    0x0080009f        0x6 ./main.o
                0x0080009f                ssd55
 .data.ssd66    0x008000a5        0x6 ./main.o
                0x008000a5                ssd66
 *(.rodata)
 *(.rodata*)
 .rodata.SSDNumbers
                0x008000ab        0xa ./HAL/SSD/SSD_program.o
 *(.gnu.linkonce.d*)
                0x008000b6                . = ALIGN (0x2)
 *fill*         0x008000b5        0x1 00
                0x008000b6                _edata = .
                0x008000b6                PROVIDE (__data_end, .)

.bss            0x008000b6       0x38
                0x008000b6                PROVIDE (__bss_start, .)
 *(.bss)
 .bss           0x008000b6        0x0 d:/sdk_win_64/sdk_win_64/sdk_win_64/winavr/bin/../lib/gcc/avr/4.3.3/../../../../avr/lib/avr5/crtm32.o
 .bss           0x008000b6        0x0 ./MCAL/TIMER/TIMER_program.o
 .bss           0x008000b6        0x0 ./MCAL/GPIO/GPIO_program.o
 .bss           0x008000b6        0x0 ./MCAL/GIE/GIE_program.o
 .bss           0x008000b6        0x0 ./MCAL/EXTI/EXTI_program.o
 .bss           0x008000b6        0x0 ./HAL/SSD/SSD_program.o
 .bss           0x008000b6        0x0 ./HAL/LED/LED_program.o
 .bss           0x008000b6        0x0 ./main.o
 .bss           0x008000b6        0x0 d:/sdk_win_64/sdk_win_64/sdk_win_64/winavr/bin/../lib/gcc/avr/4.3.3/avr5\libgcc.a(_exit.o)
 .bss           0x008000b6        0x0 d:/sdk_win_64/sdk_win_64/sdk_win_64/winavr/bin/../lib/gcc/avr/4.3.3/avr5\libgcc.a(_copy_data.o)
 .bss           0x008000b6        0x0 d:/sdk_win_64/sdk_win_64/sdk_win_64/winavr/bin/../lib/gcc/avr/4.3.3/avr5\libgcc.a(_clear_bss.o)
 *(.bss*)
 .bss.TIMERS_CallBackFunc
                0x008000b6       0x20 ./MCAL/TIMER/TIMER_program.o
 .bss.EXTI0_CallBack
                0x008000d6        0x2 ./MCAL/EXTI/EXTI_program.o
                0x008000d6                EXTI0_CallBack
 .bss.EXTI1_CallBack
                0x008000d8        0x2 ./MCAL/EXTI/EXTI_program.o
                0x008000d8                EXTI1_CallBack
 .bss.EXTI2_CallBack
                0x008000da        0x2 ./MCAL/EXTI/EXTI_program.o
                0x008000da                EXTI2_CallBack
 .bss.sw_counter
                0x008000dc        0x2 ./main.o
                0x008000dc                sw_counter
 .bss.sw_counter2
                0x008000de        0x2 ./main.o
                0x008000de                sw_counter2
 .bss.LED_co    0x008000e0        0x2 ./main.o
                0x008000e0                LED_co
 *(COMMON)
 COMMON         0x008000e2        0xc ./main.o
                0x008000e2                stopwatchdigits
                0x008000e8                LAPdigits
                0x008000ee                PROVIDE (__bss_end, .)
                0x00001012                __data_load_start = LOADADDR (.data)
                0x00001068                __data_load_end = (__data_load_start + SIZEOF (.data))

.noinit         0x008000ee        0x0
                0x008000ee                PROVIDE (__noinit_start, .)
 *(.noinit*)
                0x008000ee                PROVIDE (__noinit_end, .)
                0x008000ee                _end = .
                0x008000ee                PROVIDE (__heap_start, .)

.eeprom         0x00810000        0x0
 *(.eeprom*)
                0x00810000                __eeprom_end = .

.fuse
 *(.fuse)
 *(.lfuse)
 *(.hfuse)
 *(.efuse)

.lock
 *(.lock*)

.signature
 *(.signature*)

.stab           0x00000000     0x2580
 *(.stab)
 .stab          0x00000000      0x5a0 ./MCAL/TIMER/TIMER_program.o
 .stab          0x000005a0      0x864 ./MCAL/GPIO/GPIO_program.o
                                0x870 (size before relaxing)
 .stab          0x00000e04      0x1c8 ./MCAL/GIE/GIE_program.o
                                0x1d4 (size before relaxing)
 .stab          0x00000fcc      0x720 ./MCAL/EXTI/EXTI_program.o
                                0x72c (size before relaxing)
 .stab          0x000016ec      0x3d8 ./HAL/SSD/SSD_program.o
                                0x3e4 (size before relaxing)
 .stab          0x00001ac4      0x330 ./HAL/LED/LED_program.o
                                0x33c (size before relaxing)
 .stab          0x00001df4      0x78c ./main.o
                                0x798 (size before relaxing)

.stabstr        0x00000000      0xf28
 *(.stabstr)
 .stabstr       0x00000000      0xf28 ./MCAL/TIMER/TIMER_program.o

.stab.excl
 *(.stab.excl)

.stab.exclstr
 *(.stab.exclstr)

.stab.index
 *(.stab.index)

.stab.indexstr
 *(.stab.indexstr)

.comment
 *(.comment)

.debug
 *(.debug)

.line
 *(.line)

.debug_srcinfo
 *(.debug_srcinfo)

.debug_sfnames
 *(.debug_sfnames)

.debug_aranges
 *(.debug_aranges)

.debug_pubnames
 *(.debug_pubnames)

.debug_info
 *(.debug_info)
 *(.gnu.linkonce.wi.*)

.debug_abbrev
 *(.debug_abbrev)

.debug_line
 *(.debug_line)

.debug_frame
 *(.debug_frame)

.debug_str
 *(.debug_str)

.debug_loc
 *(.debug_loc)

.debug_macinfo
 *(.debug_macinfo)
OUTPUT(STOPWATCH.elf elf32-avr)
LOAD linker stubs
