Archive member included because of file (symbol)

d:/sdk_win_64/sdk_win_64/sdk_win_64/winavr/bin/../lib/gcc/avr/4.3.3/avr5\libgcc.a(_exit.o)
                              d:/sdk_win_64/sdk_win_64/sdk_win_64/winavr/bin/../lib/gcc/avr/4.3.3/../../../../avr/lib/avr5/crtm32.o (exit)
d:/sdk_win_64/sdk_win_64/sdk_win_64/winavr/bin/../lib/gcc/avr/4.3.3/avr5\libgcc.a(_copy_data.o)
                              ./SSD_program.o (__do_copy_data)
d:/sdk_win_64/sdk_win_64/sdk_win_64/winavr/bin/../lib/gcc/avr/4.3.3/avr5\libgcc.a(_clear_bss.o)
                              ./EXTI_program.o (__do_clear_bss)

Allocating common symbols
Common symbol       size              file

stopwatchdigits     0x6               ./main.o

Memory Configuration

Name             Origin             Length             Attributes
text             0x00000000         0x00020000         xr
data             0x00800060         0x0000ffa0         rw !x
eeprom           0x00810000         0x00010000         rw !x
fuse             0x00820000         0x00000400         rw !x
lock             0x00830000         0x00000400         rw !x
signature        0x00840000         0x00000400         rw !x
*default*        0x00000000         0xffffffff

Linker script and memory map

LOAD d:/sdk_win_64/sdk_win_64/sdk_win_64/winavr/bin/../lib/gcc/avr/4.3.3/../../../../avr/lib/avr5/crtm32.o
LOAD ./EXTI_program.o
LOAD ./GIE_program.o
LOAD ./GPIO_program.o
LOAD ./SSD_program.o
LOAD ./TIMER_program.o
LOAD ./main.o
LOAD d:/sdk_win_64/sdk_win_64/sdk_win_64/winavr/bin/../lib/gcc/avr/4.3.3/avr5\libgcc.a
LOAD d:/sdk_win_64/sdk_win_64/sdk_win_64/winavr/bin/../lib/gcc/avr/4.3.3/../../../../avr/lib/avr5\libc.a
LOAD d:/sdk_win_64/sdk_win_64/sdk_win_64/winavr/bin/../lib/gcc/avr/4.3.3/avr5\libgcc.a

.hash
 *(.hash)

.dynsym
 *(.dynsym)

.dynstr
 *(.dynstr)

.gnu.version
 *(.gnu.version)

.gnu.version_d
 *(.gnu.version_d)

.gnu.version_r
 *(.gnu.version_r)

.rel.init
 *(.rel.init)

.rela.init
 *(.rela.init)

.rel.text
 *(.rel.text)
 *(.rel.text.*)
 *(.rel.gnu.linkonce.t*)

.rela.text
 *(.rela.text)
 *(.rela.text.*)
 *(.rela.gnu.linkonce.t*)

.rel.fini
 *(.rel.fini)

.rela.fini
 *(.rela.fini)

.rel.rodata
 *(.rel.rodata)
 *(.rel.rodata.*)
 *(.rel.gnu.linkonce.r*)

.rela.rodata
 *(.rela.rodata)
 *(.rela.rodata.*)
 *(.rela.gnu.linkonce.r*)

.rel.data
 *(.rel.data)
 *(.rel.data.*)
 *(.rel.gnu.linkonce.d*)

.rela.data
 *(.rela.data)
 *(.rela.data.*)
 *(.rela.gnu.linkonce.d*)

.rel.ctors
 *(.rel.ctors)

.rela.ctors
 *(.rela.ctors)

.rel.dtors
 *(.rel.dtors)

.rela.dtors
 *(.rela.dtors)

.rel.got
 *(.rel.got)

.rela.got
 *(.rela.got)

.rel.bss
 *(.rel.bss)

.rela.bss
 *(.rela.bss)

.rel.plt
 *(.rel.plt)

.rela.plt
 *(.rela.plt)

.text           0x00000000     0x1a5e
 *(.vectors)
 .vectors       0x00000000       0x54 d:/sdk_win_64/sdk_win_64/sdk_win_64/winavr/bin/../lib/gcc/avr/4.3.3/../../../../avr/lib/avr5/crtm32.o
                0x00000000                __vectors
                0x00000000                __vector_default
 *(.vectors)
 *(.progmem.gcc*)
 *(.progmem*)
                0x00000054                . = ALIGN (0x2)
                0x00000054                __trampolines_start = .
 *(.trampolines)
 .trampolines   0x00000054        0x0 linker stubs
 *(.trampolines*)
                0x00000054                __trampolines_end = .
 *(.jumptables)
 *(.jumptables*)
 *(.lowtext)
 *(.lowtext*)
                0x00000054                __ctors_start = .
 *(.ctors)
                0x00000054                __ctors_end = .
                0x00000054                __dtors_start = .
 *(.dtors)
                0x00000054                __dtors_end = .
 SORT(*)(.ctors)
 SORT(*)(.dtors)
 *(.init0)
 .init0         0x00000054        0x0 d:/sdk_win_64/sdk_win_64/sdk_win_64/winavr/bin/../lib/gcc/avr/4.3.3/../../../../avr/lib/avr5/crtm32.o
                0x00000054                __init
 *(.init0)
 *(.init1)
 *(.init1)
 *(.init2)
 .init2         0x00000054        0xc d:/sdk_win_64/sdk_win_64/sdk_win_64/winavr/bin/../lib/gcc/avr/4.3.3/../../../../avr/lib/avr5/crtm32.o
 *(.init2)
 *(.init3)
 *(.init3)
 *(.init4)
 .init4         0x00000060       0x16 d:/sdk_win_64/sdk_win_64/sdk_win_64/winavr/bin/../lib/gcc/avr/4.3.3/avr5\libgcc.a(_copy_data.o)
                0x00000060                __do_copy_data
 .init4         0x00000076       0x10 d:/sdk_win_64/sdk_win_64/sdk_win_64/winavr/bin/../lib/gcc/avr/4.3.3/avr5\libgcc.a(_clear_bss.o)
                0x00000076                __do_clear_bss
 *(.init4)
 *(.init5)
 *(.init5)
 *(.init6)
 *(.init6)
 *(.init7)
 *(.init7)
 *(.init8)
 *(.init8)
 *(.init9)
 .init9         0x00000086        0x8 d:/sdk_win_64/sdk_win_64/sdk_win_64/winavr/bin/../lib/gcc/avr/4.3.3/../../../../avr/lib/avr5/crtm32.o
 *(.init9)
 *(.text)
 .text          0x0000008e        0x4 d:/sdk_win_64/sdk_win_64/sdk_win_64/winavr/bin/../lib/gcc/avr/4.3.3/../../../../avr/lib/avr5/crtm32.o
                0x0000008e                __vector_12
                0x0000008e                __bad_interrupt
                0x0000008e                __vector_6
                0x0000008e                __vector_13
                0x0000008e                __vector_17
                0x0000008e                __vector_19
                0x0000008e                __vector_7
                0x0000008e                __vector_9
                0x0000008e                __vector_15
                0x0000008e                __vector_8
                0x0000008e                __vector_14
                0x0000008e                __vector_16
                0x0000008e                __vector_18
                0x0000008e                __vector_20
 .text          0x00000092        0x0 ./EXTI_program.o
 .text          0x00000092        0x0 ./GIE_program.o
 .text          0x00000092        0x0 ./GPIO_program.o
 .text          0x00000092        0x0 ./SSD_program.o
 .text          0x00000092        0x0 ./TIMER_program.o
 .text          0x00000092        0x0 ./main.o
 .text          0x00000092        0x0 d:/sdk_win_64/sdk_win_64/sdk_win_64/winavr/bin/../lib/gcc/avr/4.3.3/avr5\libgcc.a(_exit.o)
 .text          0x00000092        0x0 d:/sdk_win_64/sdk_win_64/sdk_win_64/winavr/bin/../lib/gcc/avr/4.3.3/avr5\libgcc.a(_copy_data.o)
 .text          0x00000092        0x0 d:/sdk_win_64/sdk_win_64/sdk_win_64/winavr/bin/../lib/gcc/avr/4.3.3/avr5\libgcc.a(_clear_bss.o)
                0x00000092                . = ALIGN (0x2)
 *(.text.*)
 .text.EXTI0_Init
                0x00000092       0x46 ./EXTI_program.o
                0x00000092                EXTI0_Init
 .text.EXTI1_Init
                0x000000d8       0x46 ./EXTI_program.o
                0x000000d8                EXTI1_Init
 .text.EXTI2_Init
                0x0000011e       0x38 ./EXTI_program.o
                0x0000011e                EXTI2_Init
 .text.EXTI0_SetSignalSenseMode
                0x00000156       0xce ./EXTI_program.o
                0x00000156                EXTI0_SetSignalSenseMode
 .text.EXTI1_SetSignalSenseMode
                0x00000224       0xce ./EXTI_program.o
                0x00000224                EXTI1_SetSignalSenseMode
 .text.EXTI2_SetSignalSenseMode
                0x000002f2       0x58 ./EXTI_program.o
                0x000002f2                EXTI2_SetSignalSenseMode
 .text.EXTI0_Enable
                0x0000034a       0x1c ./EXTI_program.o
                0x0000034a                EXTI0_Enable
 .text.EXTI0_Disable
                0x00000366       0x1c ./EXTI_program.o
                0x00000366                EXTI0_Disable
 .text.EXTI1_Enable
                0x00000382       0x1c ./EXTI_program.o
                0x00000382                EXTI1_Enable
 .text.EXTI1_Disable
                0x0000039e       0x1c ./EXTI_program.o
                0x0000039e                EXTI1_Disable
 .text.EXTI2_Enable
                0x000003ba       0x1c ./EXTI_program.o
                0x000003ba                EXTI2_Enable
 .text.EXTI2_Disable
                0x000003d6       0x1c ./EXTI_program.o
                0x000003d6                EXTI2_Disable
 .text.EXTI0_ClearFlag
                0x000003f2       0x1c ./EXTI_program.o
                0x000003f2                EXTI0_ClearFlag
 .text.EXTI1_ClearFlag
                0x0000040e       0x1c ./EXTI_program.o
                0x0000040e                EXTI1_ClearFlag
 .text.EXTI2_ClearFlag
                0x0000042a       0x1c ./EXTI_program.o
                0x0000042a                EXTI2_ClearFlag
 .text.EXTI0_SetCallBack
                0x00000446       0x2c ./EXTI_program.o
                0x00000446                EXTI0_SetCallBack
 .text.EXTI1_SetCallBack
                0x00000472       0x2c ./EXTI_program.o
                0x00000472                EXTI1_SetCallBack
 .text.EXTI2_SetCallBack
                0x0000049e       0x2c ./EXTI_program.o
                0x0000049e                EXTI2_SetCallBack
 .text.__vector_1
                0x000004ca       0x6a ./EXTI_program.o
                0x000004ca                __vector_1
 .text.__vector_2
                0x00000534       0x6a ./EXTI_program.o
                0x00000534                __vector_2
 .text.__vector_3
                0x0000059e       0x6a ./EXTI_program.o
                0x0000059e                __vector_3
 .text.GIE_Enable
                0x00000608       0x1c ./GIE_program.o
                0x00000608                GIE_Enable
 .text.GIE_Disable
                0x00000624       0x1c ./GIE_program.o
                0x00000624                GIE_Disable
 .text.GPIO_SetPinDirection
                0x00000640      0x200 ./GPIO_program.o
                0x00000640                GPIO_SetPinDirection
 .text.GPIO_SetPinValue
                0x00000840      0x200 ./GPIO_program.o
                0x00000840                GPIO_SetPinValue
 .text.GPIO_GetPinValue
                0x00000a40      0x158 ./GPIO_program.o
                0x00000a40                GPIO_GetPinValue
 .text.GPIO_TogglePinValue
                0x00000b98       0xfa ./GPIO_program.o
                0x00000b98                GPIO_TogglePinValue
 .text.GPIO_SetPortDirection
                0x00000c92       0xf2 ./GPIO_program.o
                0x00000c92                GPIO_SetPortDirection
 .text.GPIO_WritePortValue
                0x00000d84       0x82 ./GPIO_program.o
                0x00000d84                GPIO_WritePortValue
 .text.GPIO_ReadPortValue
                0x00000e06       0x84 ./GPIO_program.o
                0x00000e06                GPIO_ReadPortValue
 .text.GPIO_WriteLowNibbleValue
                0x00000e8a       0xe0 ./GPIO_program.o
                0x00000e8a                GPIO_WriteLowNibbleValue
 .text.GPIO_WriteHighNibbleValue
                0x00000f6a       0xe2 ./GPIO_program.o
                0x00000f6a                GPIO_WriteHighNibbleValue
 .text.GPIO_SetLowNibbleDirection
                0x0000104c       0xda ./GPIO_program.o
                0x0000104c                GPIO_SetLowNibbleDirection
 .text.GPIO_SetHighNibbleDirection
                0x00001126       0xda ./GPIO_program.o
                0x00001126                GPIO_SetHighNibbleDirection
 .text.SSD_Init
                0x00001200       0x78 ./SSD_program.o
                0x00001200                SSD_Init
 .text.SSD_Enable
                0x00001278       0x6a ./SSD_program.o
                0x00001278                SSD_Enable
 .text.SSD_Disable
                0x000012e2       0x6a ./SSD_program.o
                0x000012e2                SSD_Disable
 .text.SSD_SendNumber
                0x0000134c       0xb4 ./SSD_program.o
                0x0000134c                SSD_SendNumber
 .text.TIMER0_Init
                0x00001400       0x5c ./TIMER_program.o
                0x00001400                TIMER0_Init
 .text.TIMER0_EnableINT
                0x0000145c       0x1c ./TIMER_program.o
                0x0000145c                TIMER0_EnableINT
 .text.TIMER0_DisableINT
                0x00001478       0x1c ./TIMER_program.o
                0x00001478                TIMER0_DisableINT
 .text.TIMER0_SetPreload
                0x00001494       0x1c ./TIMER_program.o
                0x00001494                TIMER0_SetPreload
 .text.TIMER0_SetCTC
                0x000014b0       0x1c ./TIMER_program.o
                0x000014b0                TIMER0_SetCTC
 .text.TIMER0_GetTimerCounterValue
                0x000014cc       0x14 ./TIMER_program.o
                0x000014cc                TIMER0_GetTimerCounterValue
 .text.TIMER2_Init
                0x000014e0       0x5c ./TIMER_program.o
                0x000014e0                TIMER2_Init
 .text.TIMER2_EnableINT
                0x0000153c       0x1c ./TIMER_program.o
                0x0000153c                TIMER2_EnableINT
 .text.TIMER2_DisableINT
                0x00001558       0x1c ./TIMER_program.o
                0x00001558                TIMER2_DisableINT
 .text.TIMER2_SetPreload
                0x00001574       0x1c ./TIMER_program.o
                0x00001574                TIMER2_SetPreload
 .text.TIMER2_SetCTC
                0x00001590       0x1c ./TIMER_program.o
                0x00001590                TIMER2_SetCTC
 .text.TIMER2_GetTimerCounterValue
                0x000015ac       0x14 ./TIMER_program.o
                0x000015ac                TIMER2_GetTimerCounterValue
 .text.TIMER_SetCallBack
                0x000015c0       0x3e ./TIMER_program.o
                0x000015c0                TIMER_SetCallBack
 .text.__vector_11
                0x000015fe       0x66 ./TIMER_program.o
                0x000015fe                __vector_11
 .text.__vector_10
                0x00001664       0x66 ./TIMER_program.o
                0x00001664                __vector_10
 .text.__vector_5
                0x000016ca       0x66 ./TIMER_program.o
                0x000016ca                __vector_5
 .text.__vector_4
                0x00001730       0x66 ./TIMER_program.o
                0x00001730                __vector_4
 .text.StopWatch
                0x00001796       0xa6 ./main.o
                0x00001796                StopWatch
 .text.ISR_TIMER0
                0x0000183c       0x42 ./main.o
                0x0000183c                ISR_TIMER0
 .text.ISR_TIMER2
                0x0000187e       0x88 ./main.o
                0x0000187e                ISR_TIMER2
 .text.ISR_INT0
                0x00001906       0x12 ./main.o
                0x00001906                ISR_INT0
 .text.ISR_INT1
                0x00001918       0x12 ./main.o
                0x00001918                ISR_INT1
 .text.ISR_INT2
                0x0000192a       0x26 ./main.o
                0x0000192a                ISR_INT2
 .text.main     0x00001950      0x10a ./main.o
                0x00001950                main
 .text.libgcc   0x00001a5a        0x0 d:/sdk_win_64/sdk_win_64/sdk_win_64/winavr/bin/../lib/gcc/avr/4.3.3/avr5\libgcc.a(_exit.o)
 .text.libgcc   0x00001a5a        0x0 d:/sdk_win_64/sdk_win_64/sdk_win_64/winavr/bin/../lib/gcc/avr/4.3.3/avr5\libgcc.a(_copy_data.o)
 .text.libgcc   0x00001a5a        0x0 d:/sdk_win_64/sdk_win_64/sdk_win_64/winavr/bin/../lib/gcc/avr/4.3.3/avr5\libgcc.a(_clear_bss.o)
                0x00001a5a                . = ALIGN (0x2)
 *(.fini9)
 .fini9         0x00001a5a        0x0 d:/sdk_win_64/sdk_win_64/sdk_win_64/winavr/bin/../lib/gcc/avr/4.3.3/avr5\libgcc.a(_exit.o)
                0x00001a5a                exit
                0x00001a5a                _exit
 *(.fini9)
 *(.fini8)
 *(.fini8)
 *(.fini7)
 *(.fini7)
 *(.fini6)
 *(.fini6)
 *(.fini5)
 *(.fini5)
 *(.fini4)
 *(.fini4)
 *(.fini3)
 *(.fini3)
 *(.fini2)
 *(.fini2)
 *(.fini1)
 *(.fini1)
 *(.fini0)
 .fini0         0x00001a5a        0x4 d:/sdk_win_64/sdk_win_64/sdk_win_64/winavr/bin/../lib/gcc/avr/4.3.3/avr5\libgcc.a(_exit.o)
 *(.fini0)
                0x00001a5e                _etext = .

.data           0x00800060       0x2e load address 0x00001a5e
                0x00800060                PROVIDE (__data_start, .)
 *(.data)
 .data          0x00800060        0x0 d:/sdk_win_64/sdk_win_64/sdk_win_64/winavr/bin/../lib/gcc/avr/4.3.3/../../../../avr/lib/avr5/crtm32.o
 .data          0x00800060        0x0 ./EXTI_program.o
 .data          0x00800060        0x0 ./GIE_program.o
 .data          0x00800060        0x0 ./GPIO_program.o
 .data          0x00800060        0x0 ./SSD_program.o
 .data          0x00800060        0x0 ./TIMER_program.o
 .data          0x00800060        0x0 ./main.o
 .data          0x00800060        0x0 d:/sdk_win_64/sdk_win_64/sdk_win_64/winavr/bin/../lib/gcc/avr/4.3.3/avr5\libgcc.a(_exit.o)
 .data          0x00800060        0x0 d:/sdk_win_64/sdk_win_64/sdk_win_64/winavr/bin/../lib/gcc/avr/4.3.3/avr5\libgcc.a(_copy_data.o)
 .data          0x00800060        0x0 d:/sdk_win_64/sdk_win_64/sdk_win_64/winavr/bin/../lib/gcc/avr/4.3.3/avr5\libgcc.a(_clear_bss.o)
 *(.data*)
 .data.SSDNumbers
                0x00800060        0xa ./SSD_program.o
 .data.ssd1     0x0080006a        0x6 ./main.o
                0x0080006a                ssd1
 .data.ssd2     0x00800070        0x6 ./main.o
                0x00800070                ssd2
 .data.ssd3     0x00800076        0x6 ./main.o
                0x00800076                ssd3
 .data.ssd4     0x0080007c        0x6 ./main.o
                0x0080007c                ssd4
 .data.ssd5     0x00800082        0x6 ./main.o
                0x00800082                ssd5
 .data.ssd6     0x00800088        0x6 ./main.o
                0x00800088                ssd6
 *(.rodata)
 *(.rodata*)
 *(.gnu.linkonce.d*)
                0x0080008e                . = ALIGN (0x2)
                0x0080008e                _edata = .
                0x0080008e                PROVIDE (__data_end, .)

.bss            0x0080008e       0x34
                0x0080008e                PROVIDE (__bss_start, .)
 *(.bss)
 .bss           0x0080008e        0x0 d:/sdk_win_64/sdk_win_64/sdk_win_64/winavr/bin/../lib/gcc/avr/4.3.3/../../../../avr/lib/avr5/crtm32.o
 .bss           0x0080008e        0x0 ./EXTI_program.o
 .bss           0x0080008e        0x0 ./GIE_program.o
 .bss           0x0080008e        0x0 ./GPIO_program.o
 .bss           0x0080008e        0x0 ./SSD_program.o
 .bss           0x0080008e        0x0 ./TIMER_program.o
 .bss           0x0080008e        0x0 ./main.o
 .bss           0x0080008e        0x0 d:/sdk_win_64/sdk_win_64/sdk_win_64/winavr/bin/../lib/gcc/avr/4.3.3/avr5\libgcc.a(_exit.o)
 .bss           0x0080008e        0x0 d:/sdk_win_64/sdk_win_64/sdk_win_64/winavr/bin/../lib/gcc/avr/4.3.3/avr5\libgcc.a(_copy_data.o)
 .bss           0x0080008e        0x0 d:/sdk_win_64/sdk_win_64/sdk_win_64/winavr/bin/../lib/gcc/avr/4.3.3/avr5\libgcc.a(_clear_bss.o)
 *(.bss*)
 .bss.EXTI0_CallBack
                0x0080008e        0x2 ./EXTI_program.o
                0x0080008e                EXTI0_CallBack
 .bss.EXTI1_CallBack
                0x00800090        0x2 ./EXTI_program.o
                0x00800090                EXTI1_CallBack
 .bss.EXTI2_CallBack
                0x00800092        0x2 ./EXTI_program.o
                0x00800092                EXTI2_CallBack
 .bss.TIMERS_CallBackFunc
                0x00800094       0x20 ./TIMER_program.o
 .bss.sw_counter
                0x008000b4        0x2 ./main.o
                0x008000b4                sw_counter
 .bss.sw_counter2
                0x008000b6        0x2 ./main.o
                0x008000b6                sw_counter2
 .bss.counter   0x008000b8        0x2 ./main.o
                0x008000b8                counter
 .bss.flag      0x008000ba        0x1 ./main.o
                0x008000ba                flag
 .bss.ctc       0x008000bb        0x1 ./main.o
                0x008000bb                ctc
 *(COMMON)
 COMMON         0x008000bc        0x6 ./main.o
                0x008000bc                stopwatchdigits
                0x008000c2                PROVIDE (__bss_end, .)
                0x00001a5e                __data_load_start = LOADADDR (.data)
                0x00001a8c                __data_load_end = (__data_load_start + SIZEOF (.data))

.noinit         0x008000c2        0x0
                0x008000c2                PROVIDE (__noinit_start, .)
 *(.noinit*)
                0x008000c2                PROVIDE (__noinit_end, .)
                0x008000c2                _end = .
                0x008000c2                PROVIDE (__heap_start, .)

.eeprom         0x00810000        0x0
 *(.eeprom*)
                0x00810000                __eeprom_end = .

.fuse
 *(.fuse)
 *(.lfuse)
 *(.hfuse)
 *(.efuse)

.lock
 *(.lock*)

.signature
 *(.signature*)

.stab           0x00000000     0x2070
 *(.stab)
 .stab          0x00000000      0x774 ./EXTI_program.o
 .stab          0x00000774      0x144 ./GIE_program.o
                                0x1d4 (size before relaxing)
 .stab          0x000008b8      0x864 ./GPIO_program.o
                                0x8f4 (size before relaxing)
 .stab          0x0000111c      0x324 ./SSD_program.o
                                0x3b4 (size before relaxing)
 .stab          0x00001440      0x51c ./TIMER_program.o
                                0x5ac (size before relaxing)
 .stab          0x0000195c      0x714 ./main.o
                                0x7bc (size before relaxing)

.stabstr        0x00000000     0x104b
 *(.stabstr)
 .stabstr       0x00000000     0x104b ./EXTI_program.o

.stab.excl
 *(.stab.excl)

.stab.exclstr
 *(.stab.exclstr)

.stab.index
 *(.stab.index)

.stab.indexstr
 *(.stab.indexstr)

.comment
 *(.comment)

.debug
 *(.debug)

.line
 *(.line)

.debug_srcinfo
 *(.debug_srcinfo)

.debug_sfnames
 *(.debug_sfnames)

.debug_aranges
 *(.debug_aranges)

.debug_pubnames
 *(.debug_pubnames)

.debug_info
 *(.debug_info)
 *(.gnu.linkonce.wi.*)

.debug_abbrev
 *(.debug_abbrev)

.debug_line
 *(.debug_line)

.debug_frame
 *(.debug_frame)

.debug_str
 *(.debug_str)

.debug_loc
 *(.debug_loc)

.debug_macinfo
 *(.debug_macinfo)
OUTPUT(timer.elf elf32-avr)
LOAD linker stubs
